[root@ip-172-31-22-6 ec2-user]# sdiff /root/kubernetes-training/04-controllers/kubia-rc.yaml /root/kubernetes-training/05-services/kubia-replicaset.yaml
apiVersion: v1                                                | apiVersion: apps/v1
kind: ReplicationController                                   | kind: ReplicaSet
metadata:                                                       metadata:
  name: kubia2                                                |   name: kubia
spec:                                                           spec:
  replicas: 3                                                     replicas: 3
  selector:                                                       selector:
    app: kubia                                                |     matchLabels:
                                                              >       app: kubia
  template:                                                       template:
    metadata:                                                       metadata:
      labels:                                                         labels:
        app: kubia                                                      app: kubia
    spec:                                                           spec:
      containers:                                                     containers:
      - name: kubia                                                   - name: kubia
        image: luksa/kubia                                              image: luksa/kubia
        ports:                                                <
        - containerPort: 8080                                 <
[root@ip-172-31-22-6 ec2-user]# kubectl apply -f /root/kubernetes-training/05-services/kubia-replicaset.yaml
replicaset.apps/kubia created
[root@ip-172-31-22-6 ec2-user]# kubectl apply -f /root/kubernetes-training/05-services/kubia-replicaset.yaml
replicaset.apps/kubia unchanged
[root@ip-172-31-22-6 ec2-user]# kubectl get rs
NAME    DESIRED   CURRENT   READY   AGE
kubia   3         3         3       21h
[root@ip-172-31-22-6 ec2-user]# cd /root/kubernetes-training/05-services
[root@ip-172-31-22-6 05-services]# ls
external-service-endpoints.yaml     kubia-ingress.yaml                         kubia-svc-headless.yaml            kubia-svc-publish-not-ready.yaml
external-service-externalname.yaml  kubia-pod.yml                              kubia-svc-loadbalancer.yaml        kubia-svc.yaml
external-service.yaml               kubia-rc-readinessprobe.yaml               kubia-svc-named-ports.yaml         tls.cert
ingress                             kubia-replicaset.yaml                      kubia-svc-nodeport-onlylocal.yaml  tls.key
kubia-ingress-tls.yaml              kubia-svc-client-ip-session-affinity.yaml  kubia-svc-nodeport.yaml
[root@ip-172-31-22-6 05-services]# cat kubia-svc.yaml
apiVersion: v1
kind: Service
metadata:
  name: kubia2
spec:
  clusterIP: 10.99.10.99
  ports:
  - port: 80
    targetPort: 8080
  selector:
    app: kubia

[root@ip-172-31-22-6 05-services]# kubectl apply -f kubia-svc.yaml
service/kubia2 created
[root@ip-172-31-22-6 05-services]# kubectl get svc
NAME         TYPE        CLUSTER-IP    EXTERNAL-IP   PORT(S)   AGE
kubernetes   ClusterIP   10.96.0.1     <none>        443/TCP   6d19h
kubia2       ClusterIP   10.99.10.99   <none>        80/TCP    15s
[root@ip-172-31-22-6 05-services]# kubectl get svc -o wide
NAME         TYPE        CLUSTER-IP    EXTERNAL-IP   PORT(S)   AGE     SELECTOR
kubernetes   ClusterIP   10.96.0.1     <none>        443/TCP   6d19h   <none>
kubia2       ClusterIP   10.99.10.99   <none>        80/TCP    44s     app=kubia
[root@ip-172-31-22-6 05-services]# curl kubia2:80
curl: (6) Could not resolve host: kubia2
[root@ip-172-31-22-6 05-services]# curl 10.99.10.99:80
You've hit kubia-c7rfv
[root@ip-172-31-22-6 05-services]# kubectl get ep
NAME         ENDPOINTS                                                     AGE
kubernetes   172.31.22.6:6443                                              6d19h
kubia2       192.168.135.72:8080,192.168.135.73:8080,192.168.135.74:8080   2m28s
[root@ip-172-31-22-6 05-services]# kubectl apply --help
Apply a configuration to a resource by filename or stdin. The resource name must be specified. This resource will be
created if it doesn't exist yet. To use 'apply', always create the resource initially with either 'apply' or 'create
--save-config'.

 JSON and YAML formats are accepted.

 Alpha Disclaimer: the --prune functionality is not yet complete. Do not use unless you are aware of what the current
state is. See https://issues.k8s.io/34274.

Examples:
  # Apply the configuration in pod.json to a pod.
  kubectl apply -f ./pod.json

  # Apply resources from a directory containing kustomization.yaml - e.g. dir/kustomization.yaml.
  kubectl apply -k dir/

  # Apply the JSON passed into stdin to a pod.
  cat pod.json | kubectl apply -f -

  # Note: --prune is still in Alpha
  # Apply the configuration in manifest.yaml that matches label app=nginx and delete all the other resources that are
not in the file and match label app=nginx.
  kubectl apply --prune -f manifest.yaml -l app=nginx

  # Apply the configuration in manifest.yaml and delete all the other configmaps that are not in the file.
  kubectl apply --prune -f manifest.yaml --all --prune-whitelist=core/v1/ConfigMap

Available Commands:
  edit-last-applied Edit latest last-applied-configuration annotations of a resource/object
  set-last-applied  Set the last-applied-configuration annotation on a live object to match the contents of a file.
  view-last-applied View latest last-applied-configuration annotations of a resource/object

Options:
      --all=false: Select all resources in the namespace of the specified resource types.
      --allow-missing-template-keys=true: If true, ignore any errors in templates when a field or map key is missing in
the template. Only applies to golang and jsonpath output formats.
      --cascade=true: If true, cascade the deletion of the resources managed by this resource (e.g. Pods created by a
ReplicationController).  Default true.
      --dry-run='none': Must be "none", "server", or "client". If client strategy, only print the object that would be
sent, without sending it. If server strategy, submit server-side request without persisting the resource.
      --field-manager='kubectl': Name of the manager used to track field ownership.
  -f, --filename=[]: that contains the configuration to apply
      --force=false: If true, immediately remove resources from API and bypass graceful deletion. Note that immediate
deletion of some resources may result in inconsistency or data loss and requires confirmation.
      --force-conflicts=false: If true, server-side apply will force the changes against conflicts.
      --grace-period=-1: Period of time in seconds given to the resource to terminate gracefully. Ignored if negative.
Set to 1 for immediate shutdown. Can only be set to 0 when --force is true (force deletion).
  -k, --kustomize='': Process a kustomization directory. This flag can't be used together with -f or -R.
      --openapi-patch=true: If true, use openapi to calculate diff when the openapi presents and the resource can be
found in the openapi spec. Otherwise, fall back to use baked-in types.
  -o, --output='': Output format. One of:
json|yaml|name|go-template|go-template-file|template|templatefile|jsonpath|jsonpath-file.
      --overwrite=true: Automatically resolve conflicts between the modified and live configuration by using values from
the modified configuration
      --prune=false: Automatically delete resource objects, including the uninitialized ones, that do not appear in the
configs and are created by either apply or create --save-config. Should be used with either -l or --all.
      --prune-whitelist=[]: Overwrite the default whitelist with <group/version/kind> for --prune
      --record=false: Record current kubectl command in the resource annotation. If set to false, do not record the
command. If set to true, record the command. If not set, default to updating the existing annotation value only if one
already exists.
  -R, --recursive=false: Process the directory used in -f, --filename recursively. Useful when you want to manage
related manifests organized within the same directory.
  -l, --selector='': Selector (label query) to filter on, supports '=', '==', and '!='.(e.g. -l key1=value1,key2=value2)
      --server-side=false: If true, apply runs in the server instead of the client.
      --template='': Template string or path to template file to use when -o=go-template, -o=go-template-file. The
template format is golang templates [http://golang.org/pkg/text/template/#pkg-overview].
      --timeout=0s: The length of time to wait before giving up on a delete, zero means determine a timeout from the
size of the object
      --validate=true: If true, use a schema to validate the input before sending it
      --wait=false: If true, wait for resources to be gone before returning. This waits for finalizers.

Usage:
  kubectl apply (-f FILENAME | -k DIRECTORY) [options]

Use "kubectl <command> --help" for more information about a given command.
Use "kubectl options" for a list of global command-line options (applies to all commands).
[root@ip-172-31-22-6 05-services]# kubectl get po
NAME          READY   STATUS    RESTARTS   AGE
kubia-2fdfv   1/1     Running   0          21h
kubia-7zztj   1/1     Running   0          21h
kubia-c7rfv   1/1     Running   0          21h
[root@ip-172-31-22-6 05-services]# kubectl label po kubia-2fdfv app=nishant0 --overwrite
pod/kubia-2fdfv labeled
[root@ip-172-31-22-6 05-services]# kubectl label po kubia-7zztj app=nishant1 --overwrite
pod/kubia-7zztj labeled
[root@ip-172-31-22-6 05-services]# kubectl label po kubia-c7rfv app=nishant2 --overwrite
pod/kubia-c7rfv labeled
[root@ip-172-31-22-6 05-services]# kubectl get po
NAME          READY   STATUS    RESTARTS   AGE
kubia-2fdfv   1/1     Running   0          22h
kubia-7zztj   1/1     Running   0          22h
kubia-c7rfv   1/1     Running   0          22h
kubia-fsch2   1/1     Running   0          33s
kubia-k87rz   1/1     Running   0          99s
kubia-m6ws7   1/1     Running   0          50s
[root@ip-172-31-22-6 05-services]# kubectl get ep
NAME         ENDPOINTS                                                     AGE
kubernetes   172.31.22.6:6443                                              6d19h
kubia2       192.168.135.75:8080,192.168.135.76:8080,192.168.135.77:8080   8m5s
[root@ip-172-31-22-6 05-services]# kubectl get svc -o wide
NAME         TYPE        CLUSTER-IP    EXTERNAL-IP   PORT(S)   AGE     SELECTOR
kubernetes   ClusterIP   10.96.0.1     <none>        443/TCP   6d19h   <none>
kubia2       ClusterIP   10.99.10.99   <none>        80/TCP    8m14s   app=kubia
[root@ip-172-31-22-6 05-services]# kubectl get svc
NAME         TYPE        CLUSTER-IP    EXTERNAL-IP   PORT(S)   AGE
kubernetes   ClusterIP   10.96.0.1     <none>        443/TCP   6d19h
kubia2       ClusterIP   10.99.10.99   <none>        80/TCP    8m45s
[root@ip-172-31-22-6 05-services]#
